omm/gfx/bowser/omm_texture_bowser_4_0.rgba32.png gfx/bowser/omm_texture_bowser_4_0.rgba32.png
omm/gfx/bowser/omm_texture_bowser_4_1.rgba32.png gfx/bowser/omm_texture_bowser_4_1.rgba32.png
omm/gfx/bowser/omm_texture_bowser_4_2.rgba32.png gfx/bowser/omm_texture_bowser_4_2.rgba32.png
omm/gfx/bowser/omm_texture_bowser_4_3.rgba32.png gfx/bowser/omm_texture_bowser_4_3.rgba32.png
omm/gfx/bowser/omm_texture_bowser_4_4.rgba32.png gfx/bowser/omm_texture_bowser_4_4.rgba32.png
omm/gfx/bowser/omm_texture_bowser_4_5.rgba32.png gfx/bowser/omm_texture_bowser_4_5.rgba32.png
omm/gfx/bowser/omm_texture_bowser_5_0.rgba32.png gfx/bowser/omm_texture_bowser_5_0.rgba32.png
omm/gfx/bowser/omm_texture_bowser_5_1.rgba32.png gfx/bowser/omm_texture_bowser_5_1.rgba32.png
omm/gfx/bowser/omm_texture_bowser_5_2.rgba32.png gfx/bowser/omm_texture_bowser_5_2.rgba32.png
omm/gfx/bowser/omm_texture_bowser_5_3.rgba32.png gfx/bowser/omm_texture_bowser_5_3.rgba32.png
omm/gfx/bowser/omm_texture_bowser_5_4.rgba32.png gfx/bowser/omm_texture_bowser_5_4.rgba32.png
omm/gfx/bowser/omm_texture_bowser_5_5.rgba32.png gfx/bowser/omm_texture_bowser_5_5.rgba32.png
omm/gfx/bowser/omm_texture_bowser_fire_blue_1.rgba32.png gfx/bowser/omm_texture_bowser_fire_blue_1.rgba32.png
omm/gfx/bowser/omm_texture_bowser_fire_blue_2.rgba32.png gfx/bowser/omm_texture_bowser_fire_blue_2.rgba32.png
omm/gfx/bowser/omm_texture_bowser_fire_breath.rgba32.png gfx/bowser/omm_texture_bowser_fire_breath.rgba32.png
omm/gfx/bowser/omm_texture_bowser_fire_magic_1.rgba32.png gfx/bowser/omm_texture_bowser_fire_magic_1.rgba32.png
omm/gfx/bowser/omm_texture_bowser_fire_magic_2.rgba32.png gfx/bowser/omm_texture_bowser_fire_magic_2.rgba32.png
omm/gfx/bowser/omm_texture_bowser_fire_red_1.rgba32.png gfx/bowser/omm_texture_bowser_fire_red_1.rgba32.png
omm/gfx/bowser/omm_texture_bowser_fire_red_2.rgba32.png gfx/bowser/omm_texture_bowser_fire_red_2.rgba32.png
omm/gfx/bowser/omm_texture_bowser_mad_aura.rgba32.png gfx/bowser/omm_texture_bowser_mad_aura.rgba32.png
omm/gfx/cappy/omm_texture_cappy_128.rgba32.png gfx/cappy/omm_texture_cappy_128.rgba32.png
omm/gfx/cappy/omm_texture_cappy_32.rgba32.png gfx/cappy/omm_texture_cappy_32.rgba32.png
omm/gfx/cappy/omm_texture_cappy_64.rgba32.png gfx/cappy/omm_texture_cappy_64.rgba32.png
omm/gfx/cappy/omm_texture_cappy_eye_128.rgba32.png gfx/cappy/omm_texture_cappy_eye_128.rgba32.png
omm/gfx/cappy/omm_texture_cappy_eye_32.rgba32.png gfx/cappy/omm_texture_cappy_eye_32.rgba32.png
omm/gfx/cappy/omm_texture_cappy_eye_64.rgba32.png gfx/cappy/omm_texture_cappy_eye_64.rgba32.png
omm/gfx/effect/omm_texture_effect_break_particle.rgba32.png gfx/effect/omm_texture_effect_break_particle.rgba32.png
omm/gfx/effect/omm_texture_effect_discharge_1.rgba32.png gfx/effect/omm_texture_effect_discharge_1.rgba32.png
omm/gfx/effect/omm_texture_effect_discharge_2.rgba32.png gfx/effect/omm_texture_effect_discharge_2.rgba32.png
omm/gfx/effect/omm_texture_effect_freeze.rgba32.png gfx/effect/omm_texture_effect_freeze.rgba32.png
omm/gfx/effect/omm_texture_effect_lava.rgba32.png gfx/effect/omm_texture_effect_lava.rgba32.png
omm/gfx/effect/omm_texture_effect_metal_sparkle.rgba32.png gfx/effect/omm_texture_effect_metal_sparkle.rgba32.png
omm/gfx/effect/omm_texture_effect_perry_blast.rgba32.png gfx/effect/omm_texture_effect_perry_blast.rgba32.png
omm/gfx/effect/omm_texture_effect_perry_blast_calm.rgba32.png gfx/effect/omm_texture_effect_perry_blast_calm.rgba32.png
omm/gfx/effect/omm_texture_effect_perry_blast_gloom.rgba32.png gfx/effect/omm_texture_effect_perry_blast_gloom.rgba32.png
omm/gfx/effect/omm_texture_effect_perry_blast_rage.rgba32.png gfx/effect/omm_texture_effect_perry_blast_rage.rgba32.png
omm/gfx/effect/omm_texture_effect_perry_charge_glow_0.rgba32.png gfx/effect/omm_texture_effect_perry_charge_glow_0.rgba32.png
omm/gfx/effect/omm_texture_effect_perry_charge_glow_1.rgba32.png gfx/effect/omm_texture_effect_perry_charge_glow_1.rgba32.png
omm/gfx/effect/omm_texture_effect_perry_charge_glow_2.rgba32.png gfx/effect/omm_texture_effect_perry_charge_glow_2.rgba32.png
omm/gfx/effect/omm_texture_effect_perry_charge_sparkle.rgba32.png gfx/effect/omm_texture_effect_perry_charge_sparkle.rgba32.png
omm/gfx/effect/omm_texture_effect_perry_shockwave.rgba32.png gfx/effect/omm_texture_effect_perry_shockwave.rgba32.png
omm/gfx/effect/omm_texture_effect_problem.rgba32.png gfx/effect/omm_texture_effect_problem.rgba32.png
omm/gfx/effect/omm_texture_effect_star_ring.rgba32.png gfx/effect/omm_texture_effect_star_ring.rgba32.png
omm/gfx/effect/omm_texture_effect_vibe_calm.rgba32.png gfx/effect/omm_texture_effect_vibe_calm.rgba32.png
omm/gfx/effect/omm_texture_effect_vibe_calm_aura.rgba32.png gfx/effect/omm_texture_effect_vibe_calm_aura.rgba32.png
omm/gfx/effect/omm_texture_effect_vibe_calm_sparkle.rgba32.png gfx/effect/omm_texture_effect_vibe_calm_sparkle.rgba32.png
omm/gfx/effect/omm_texture_effect_vibe_gloom.rgba32.png gfx/effect/omm_texture_effect_vibe_gloom.rgba32.png
omm/gfx/effect/omm_texture_effect_vibe_joy.rgba32.png gfx/effect/omm_texture_effect_vibe_joy.rgba32.png
omm/gfx/effect/omm_texture_effect_vibe_joy_sparkle.rgba32.png gfx/effect/omm_texture_effect_vibe_joy_sparkle.rgba32.png
omm/gfx/effect/omm_texture_effect_vibe_joy_tornado.rgba32.png gfx/effect/omm_texture_effect_vibe_joy_tornado.rgba32.png
omm/gfx/effect/omm_texture_effect_vibe_rage.rgba32.png gfx/effect/omm_texture_effect_vibe_rage.rgba32.png
omm/gfx/effect/omm_texture_effect_vibe_rage_aura.rgba32.png gfx/effect/omm_texture_effect_vibe_rage_aura.rgba32.png
omm/gfx/effect/omm_texture_effect_vibe_rage_shockwave_1.rgba32.png gfx/effect/omm_texture_effect_vibe_rage_shockwave_1.rgba32.png
omm/gfx/effect/omm_texture_effect_vibe_rage_shockwave_2.rgba32.png gfx/effect/omm_texture_effect_vibe_rage_shockwave_2.rgba32.png
omm/gfx/effect/omm_texture_effect_vibe_sparkle.rgba32.png gfx/effect/omm_texture_effect_vibe_sparkle.rgba32.png
omm/gfx/ending/omm_texture_ending_0_luigi.rgba32.png gfx/ending/omm_texture_ending_0_luigi.rgba32.png
omm/gfx/ending/omm_texture_ending_0_mario.rgba32.png gfx/ending/omm_texture_ending_0_mario.rgba32.png
omm/gfx/ending/omm_texture_ending_0_wario.rgba32.png gfx/ending/omm_texture_ending_0_wario.rgba32.png
omm/gfx/ending/omm_texture_ending_1.rgba32.png gfx/ending/omm_texture_ending_1.rgba32.png
omm/gfx/ending/omm_texture_ending_yoshi.rgba32.png gfx/ending/omm_texture_ending_yoshi.rgba32.png
omm/gfx/font/omm_texture_font_display.rgba32.png gfx/font/omm_texture_font_display.rgba32.png
omm/gfx/font/omm_texture_font_hud_hyphen.rgba32.png gfx/font/omm_texture_font_hud_hyphen.rgba32.png
omm/gfx/font/omm_texture_font_hud_j.rgba32.png gfx/font/omm_texture_font_hud_j.rgba32.png
omm/gfx/font/omm_texture_font_hud_q.rgba32.png gfx/font/omm_texture_font_hud_q.rgba32.png
omm/gfx/font/omm_texture_font_hud_qmark.rgba32.png gfx/font/omm_texture_font_hud_qmark.rgba32.png
omm/gfx/font/omm_texture_font_hud_v.rgba32.png gfx/font/omm_texture_font_hud_v.rgba32.png
omm/gfx/font/omm_texture_font_hud_x.rgba32.png gfx/font/omm_texture_font_hud_x.rgba32.png
omm/gfx/font/omm_texture_font_hud_z.rgba32.png gfx/font/omm_texture_font_hud_z.rgba32.png
omm/gfx/font/omm_texture_font_palette_editor.rgba32.png gfx/font/omm_texture_font_palette_editor.rgba32.png
omm/gfx/font/omm_texture_font_text_arrow_down.rgba32.png gfx/font/omm_texture_font_text_arrow_down.rgba32.png
omm/gfx/font/omm_texture_font_text_arrow_left.rgba32.png gfx/font/omm_texture_font_text_arrow_left.rgba32.png
omm/gfx/font/omm_texture_font_text_arrow_right.rgba32.png gfx/font/omm_texture_font_text_arrow_right.rgba32.png
omm/gfx/font/omm_texture_font_text_arrow_up.rgba32.png gfx/font/omm_texture_font_text_arrow_up.rgba32.png
omm/gfx/font/omm_texture_font_text_a_button.rgba32.png gfx/font/omm_texture_font_text_a_button.rgba32.png
omm/gfx/font/omm_texture_font_text_bracket_left.rgba32.png gfx/font/omm_texture_font_text_bracket_left.rgba32.png
omm/gfx/font/omm_texture_font_text_bracket_right.rgba32.png gfx/font/omm_texture_font_text_bracket_right.rgba32.png
omm/gfx/font/omm_texture_font_text_b_button.rgba32.png gfx/font/omm_texture_font_text_b_button.rgba32.png
omm/gfx/font/omm_texture_font_text_cappy.rgba32.png gfx/font/omm_texture_font_text_cappy.rgba32.png
omm/gfx/font/omm_texture_font_text_colon.rgba32.png gfx/font/omm_texture_font_text_colon.rgba32.png
omm/gfx/font/omm_texture_font_text_c_button.rgba32.png gfx/font/omm_texture_font_text_c_button.rgba32.png
omm/gfx/font/omm_texture_font_text_d_button.rgba32.png gfx/font/omm_texture_font_text_d_button.rgba32.png
omm/gfx/font/omm_texture_font_text_l_button.rgba32.png gfx/font/omm_texture_font_text_l_button.rgba32.png
omm/gfx/font/omm_texture_font_text_percent.rgba32.png gfx/font/omm_texture_font_text_percent.rgba32.png
omm/gfx/font/omm_texture_font_text_plus.rgba32.png gfx/font/omm_texture_font_text_plus.rgba32.png
omm/gfx/font/omm_texture_font_text_quotes.rgba32.png gfx/font/omm_texture_font_text_quotes.rgba32.png
omm/gfx/font/omm_texture_font_text_r_button.rgba32.png gfx/font/omm_texture_font_text_r_button.rgba32.png
omm/gfx/font/omm_texture_font_text_slash.rgba32.png gfx/font/omm_texture_font_text_slash.rgba32.png
omm/gfx/font/omm_texture_font_text_star_empty.rgba32.png gfx/font/omm_texture_font_text_star_empty.rgba32.png
omm/gfx/font/omm_texture_font_text_tilde.rgba32.png gfx/font/omm_texture_font_text_tilde.rgba32.png
omm/gfx/font/omm_texture_font_text_x_button.rgba32.png gfx/font/omm_texture_font_text_x_button.rgba32.png
omm/gfx/font/omm_texture_font_text_y_button.rgba32.png gfx/font/omm_texture_font_text_y_button.rgba32.png
omm/gfx/font/omm_texture_font_text_z_button.rgba32.png gfx/font/omm_texture_font_text_z_button.rgba32.png
omm/gfx/hud/omm_texture_hud_0.rgba32.png gfx/hud/omm_texture_hud_0.rgba32.png
omm/gfx/hud/omm_texture_hud_0b.rgba32.png gfx/hud/omm_texture_hud_0b.rgba32.png
omm/gfx/hud/omm_texture_hud_1.rgba32.png gfx/hud/omm_texture_hud_1.rgba32.png
omm/gfx/hud/omm_texture_hud_1b.rgba32.png gfx/hud/omm_texture_hud_1b.rgba32.png
omm/gfx/hud/omm_texture_hud_2.rgba32.png gfx/hud/omm_texture_hud_2.rgba32.png
omm/gfx/hud/omm_texture_hud_2b.rgba32.png gfx/hud/omm_texture_hud_2b.rgba32.png
omm/gfx/hud/omm_texture_hud_3.rgba32.png gfx/hud/omm_texture_hud_3.rgba32.png
omm/gfx/hud/omm_texture_hud_3b.rgba32.png gfx/hud/omm_texture_hud_3b.rgba32.png
omm/gfx/hud/omm_texture_hud_4.rgba32.png gfx/hud/omm_texture_hud_4.rgba32.png
omm/gfx/hud/omm_texture_hud_4b.rgba32.png gfx/hud/omm_texture_hud_4b.rgba32.png
omm/gfx/hud/omm_texture_hud_5.rgba32.png gfx/hud/omm_texture_hud_5.rgba32.png
omm/gfx/hud/omm_texture_hud_5b.rgba32.png gfx/hud/omm_texture_hud_5b.rgba32.png
omm/gfx/hud/omm_texture_hud_6.rgba32.png gfx/hud/omm_texture_hud_6.rgba32.png
omm/gfx/hud/omm_texture_hud_6b.rgba32.png gfx/hud/omm_texture_hud_6b.rgba32.png
omm/gfx/hud/omm_texture_hud_7.rgba32.png gfx/hud/omm_texture_hud_7.rgba32.png
omm/gfx/hud/omm_texture_hud_7b.rgba32.png gfx/hud/omm_texture_hud_7b.rgba32.png
omm/gfx/hud/omm_texture_hud_8.rgba32.png gfx/hud/omm_texture_hud_8.rgba32.png
omm/gfx/hud/omm_texture_hud_8b.rgba32.png gfx/hud/omm_texture_hud_8b.rgba32.png
omm/gfx/hud/omm_texture_hud_9.rgba32.png gfx/hud/omm_texture_hud_9.rgba32.png
omm/gfx/hud/omm_texture_hud_9b.rgba32.png gfx/hud/omm_texture_hud_9b.rgba32.png
omm/gfx/hud/omm_texture_hud_arrow.rgba32.png gfx/hud/omm_texture_hud_arrow.rgba32.png
omm/gfx/hud/omm_texture_hud_arrow_down.rgba32.png gfx/hud/omm_texture_hud_arrow_down.rgba32.png
omm/gfx/hud/omm_texture_hud_arrow_red_coin.rgba32.png gfx/hud/omm_texture_hud_arrow_red_coin.rgba32.png
omm/gfx/hud/omm_texture_hud_arrow_secret.rgba32.png gfx/hud/omm_texture_hud_arrow_secret.rgba32.png
omm/gfx/hud/omm_texture_hud_arrow_star.rgba32.png gfx/hud/omm_texture_hud_arrow_star.rgba32.png
omm/gfx/hud/omm_texture_hud_arrow_up.rgba32.png gfx/hud/omm_texture_hud_arrow_up.rgba32.png
omm/gfx/hud/omm_texture_hud_camera.rgba32.png gfx/hud/omm_texture_hud_camera.rgba32.png
omm/gfx/hud/omm_texture_hud_camera_16.rgba32.png gfx/hud/omm_texture_hud_camera_16.rgba32.png
omm/gfx/hud/omm_texture_hud_camera_8.rgba32.png gfx/hud/omm_texture_hud_camera_8.rgba32.png
omm/gfx/hud/omm_texture_hud_camera_far.rgba32.png gfx/hud/omm_texture_hud_camera_far.rgba32.png
omm/gfx/hud/omm_texture_hud_camera_inf.rgba32.png gfx/hud/omm_texture_hud_camera_inf.rgba32.png
omm/gfx/hud/omm_texture_hud_camera_near.rgba32.png gfx/hud/omm_texture_hud_camera_near.rgba32.png
omm/gfx/hud/omm_texture_hud_cappy_luigi.rgba32.png gfx/hud/omm_texture_hud_cappy_luigi.rgba32.png
omm/gfx/hud/omm_texture_hud_cappy_luigi_metal.rgba32.png gfx/hud/omm_texture_hud_cappy_luigi_metal.rgba32.png
omm/gfx/hud/omm_texture_hud_cappy_mario.rgba32.png gfx/hud/omm_texture_hud_cappy_mario.rgba32.png
omm/gfx/hud/omm_texture_hud_cappy_mario_metal.rgba32.png gfx/hud/omm_texture_hud_cappy_mario_metal.rgba32.png
omm/gfx/hud/omm_texture_hud_cappy_peach.rgba32.png gfx/hud/omm_texture_hud_cappy_peach.rgba32.png
omm/gfx/hud/omm_texture_hud_cappy_peach_metal.rgba32.png gfx/hud/omm_texture_hud_cappy_peach_metal.rgba32.png
omm/gfx/hud/omm_texture_hud_cappy_wario.rgba32.png gfx/hud/omm_texture_hud_cappy_wario.rgba32.png
omm/gfx/hud/omm_texture_hud_cappy_wario_metal.rgba32.png gfx/hud/omm_texture_hud_cappy_wario_metal.rgba32.png
omm/gfx/hud/omm_texture_hud_cap_luigi.rgba32.png gfx/hud/omm_texture_hud_cap_luigi.rgba32.png
omm/gfx/hud/omm_texture_hud_cap_luigi_metal.rgba32.png gfx/hud/omm_texture_hud_cap_luigi_metal.rgba32.png
omm/gfx/hud/omm_texture_hud_cap_mario.rgba32.png gfx/hud/omm_texture_hud_cap_mario.rgba32.png
omm/gfx/hud/omm_texture_hud_cap_mario_metal.rgba32.png gfx/hud/omm_texture_hud_cap_mario_metal.rgba32.png
omm/gfx/hud/omm_texture_hud_cap_peach.rgba32.png gfx/hud/omm_texture_hud_cap_peach.rgba32.png
omm/gfx/hud/omm_texture_hud_cap_peach_metal.rgba32.png gfx/hud/omm_texture_hud_cap_peach_metal.rgba32.png
omm/gfx/hud/omm_texture_hud_cap_wario.rgba32.png gfx/hud/omm_texture_hud_cap_wario.rgba32.png
omm/gfx/hud/omm_texture_hud_cap_wario_metal.rgba32.png gfx/hud/omm_texture_hud_cap_wario_metal.rgba32.png
omm/gfx/hud/omm_texture_hud_cap_wings.rgba32.png gfx/hud/omm_texture_hud_cap_wings.rgba32.png
omm/gfx/hud/omm_texture_hud_clock.rgba32.png gfx/hud/omm_texture_hud_clock.rgba32.png
omm/gfx/hud/omm_texture_hud_clock_hand.rgba32.png gfx/hud/omm_texture_hud_clock_hand.rgba32.png
omm/gfx/hud/omm_texture_hud_coin.rgba32.png gfx/hud/omm_texture_hud_coin.rgba32.png
omm/gfx/hud/omm_texture_hud_crown.rgba32.png gfx/hud/omm_texture_hud_crown.rgba32.png
omm/gfx/hud/omm_texture_hud_dots.rgba32.png gfx/hud/omm_texture_hud_dots.rgba32.png
omm/gfx/hud/omm_texture_hud_enemy.rgba32.png gfx/hud/omm_texture_hud_enemy.rgba32.png
omm/gfx/hud/omm_texture_hud_health_1.rgba32.png gfx/hud/omm_texture_hud_health_1.rgba32.png
omm/gfx/hud/omm_texture_hud_health_3.rgba32.png gfx/hud/omm_texture_hud_health_3.rgba32.png
omm/gfx/hud/omm_texture_hud_icon_cap_m.rgba32.png gfx/hud/omm_texture_hud_icon_cap_m.rgba32.png
omm/gfx/hud/omm_texture_hud_icon_cap_v.rgba32.png gfx/hud/omm_texture_hud_icon_cap_v.rgba32.png
omm/gfx/hud/omm_texture_hud_icon_cap_w.rgba32.png gfx/hud/omm_texture_hud_icon_cap_w.rgba32.png
omm/gfx/hud/omm_texture_hud_icon_key.rgba32.png gfx/hud/omm_texture_hud_icon_key.rgba32.png
omm/gfx/hud/omm_texture_hud_m.rgba32.png gfx/hud/omm_texture_hud_m.rgba32.png
omm/gfx/hud/omm_texture_hud_no_button.rgba32.png gfx/hud/omm_texture_hud_no_button.rgba32.png
omm/gfx/hud/omm_texture_hud_no_capture.rgba32.png gfx/hud/omm_texture_hud_no_capture.rgba32.png
omm/gfx/hud/omm_texture_hud_no_ground.rgba32.png gfx/hud/omm_texture_hud_no_ground.rgba32.png
omm/gfx/hud/omm_texture_hud_no_mushroom.rgba32.png gfx/hud/omm_texture_hud_no_mushroom.rgba32.png
omm/gfx/hud/omm_texture_hud_no_vibe.rgba32.png gfx/hud/omm_texture_hud_no_vibe.rgba32.png
omm/gfx/hud/omm_texture_hud_no_x_button.rgba32.png gfx/hud/omm_texture_hud_no_x_button.rgba32.png
omm/gfx/hud/omm_texture_hud_s.rgba32.png gfx/hud/omm_texture_hud_s.rgba32.png
omm/gfx/hud/omm_texture_hud_slash.rgba32.png gfx/hud/omm_texture_hud_slash.rgba32.png
omm/gfx/hud/omm_texture_hud_vibe_calm.rgba32.png gfx/hud/omm_texture_hud_vibe_calm.rgba32.png
omm/gfx/hud/omm_texture_hud_vibe_gloom.rgba32.png gfx/hud/omm_texture_hud_vibe_gloom.rgba32.png
omm/gfx/hud/omm_texture_hud_vibe_joy.rgba32.png gfx/hud/omm_texture_hud_vibe_joy.rgba32.png
omm/gfx/hud/omm_texture_hud_vibe_normal.rgba32.png gfx/hud/omm_texture_hud_vibe_normal.rgba32.png
omm/gfx/hud/omm_texture_hud_vibe_rage.rgba32.png gfx/hud/omm_texture_hud_vibe_rage.rgba32.png
omm/gfx/menu/omm_texture_menu_cursor.rgba32.png gfx/menu/omm_texture_menu_cursor.rgba32.png
omm/gfx/menu/sm64/0/COURSE_BBH.rgba32.png gfx/menu/sm64/0/COURSE_BBH.rgba32.png
omm/gfx/menu/sm64/0/COURSE_BITDW.rgba32.png gfx/menu/sm64/0/COURSE_BITDW.rgba32.png
omm/gfx/menu/sm64/0/COURSE_BITFS.rgba32.png gfx/menu/sm64/0/COURSE_BITFS.rgba32.png
omm/gfx/menu/sm64/0/COURSE_BITS.rgba32.png gfx/menu/sm64/0/COURSE_BITS.rgba32.png
omm/gfx/menu/sm64/0/COURSE_BOB.rgba32.png gfx/menu/sm64/0/COURSE_BOB.rgba32.png
omm/gfx/menu/sm64/0/COURSE_CCM.rgba32.png gfx/menu/sm64/0/COURSE_CCM.rgba32.png
omm/gfx/menu/sm64/0/COURSE_COTMC.rgba32.png gfx/menu/sm64/0/COURSE_COTMC.rgba32.png
omm/gfx/menu/sm64/0/COURSE_DDD.rgba32.png gfx/menu/sm64/0/COURSE_DDD.rgba32.png
omm/gfx/menu/sm64/0/COURSE_HMC.rgba32.png gfx/menu/sm64/0/COURSE_HMC.rgba32.png
omm/gfx/menu/sm64/0/COURSE_JRB.rgba32.png gfx/menu/sm64/0/COURSE_JRB.rgba32.png
omm/gfx/menu/sm64/0/COURSE_LLL.rgba32.png gfx/menu/sm64/0/COURSE_LLL.rgba32.png
omm/gfx/menu/sm64/0/COURSE_NONE.rgba32.png gfx/menu/sm64/0/COURSE_NONE.rgba32.png
omm/gfx/menu/sm64/0/COURSE_PSS.rgba32.png gfx/menu/sm64/0/COURSE_PSS.rgba32.png
omm/gfx/menu/sm64/0/COURSE_RR.rgba32.png gfx/menu/sm64/0/COURSE_RR.rgba32.png
omm/gfx/menu/sm64/0/COURSE_SA.rgba32.png gfx/menu/sm64/0/COURSE_SA.rgba32.png
omm/gfx/menu/sm64/0/COURSE_SL.rgba32.png gfx/menu/sm64/0/COURSE_SL.rgba32.png
omm/gfx/menu/sm64/0/COURSE_SSL.rgba32.png gfx/menu/sm64/0/COURSE_SSL.rgba32.png
omm/gfx/menu/sm64/0/COURSE_THI.rgba32.png gfx/menu/sm64/0/COURSE_THI.rgba32.png
omm/gfx/menu/sm64/0/COURSE_TOTWC.rgba32.png gfx/menu/sm64/0/COURSE_TOTWC.rgba32.png
omm/gfx/menu/sm64/0/COURSE_TTC.rgba32.png gfx/menu/sm64/0/COURSE_TTC.rgba32.png
omm/gfx/menu/sm64/0/COURSE_TTM.rgba32.png gfx/menu/sm64/0/COURSE_TTM.rgba32.png
omm/gfx/menu/sm64/0/COURSE_VCUTM.rgba32.png gfx/menu/sm64/0/COURSE_VCUTM.rgba32.png
omm/gfx/menu/sm64/0/COURSE_WDW.rgba32.png gfx/menu/sm64/0/COURSE_WDW.rgba32.png
omm/gfx/menu/sm64/0/COURSE_WF.rgba32.png gfx/menu/sm64/0/COURSE_WF.rgba32.png
omm/gfx/menu/sm64/0/COURSE_WMOTR.rgba32.png gfx/menu/sm64/0/COURSE_WMOTR.rgba32.png
omm/gfx/menu/sm64/logo.r96x.rgba32.png gfx/menu/sm64/logo.r96x.rgba32.png
omm/gfx/menu/sm64/logo.rgba32.png gfx/menu/sm64/logo.rgba32.png
omm/gfx/menu/sm74/0/COURSE_BBH.rgba32.png gfx/menu/sm74/0/COURSE_BBH.rgba32.png
omm/gfx/menu/sm74/0/COURSE_BITDW.rgba32.png gfx/menu/sm74/0/COURSE_BITDW.rgba32.png
omm/gfx/menu/sm74/0/COURSE_BITFS.rgba32.png gfx/menu/sm74/0/COURSE_BITFS.rgba32.png
omm/gfx/menu/sm74/0/COURSE_BITS.rgba32.png gfx/menu/sm74/0/COURSE_BITS.rgba32.png
omm/gfx/menu/sm74/0/COURSE_BOB.rgba32.png gfx/menu/sm74/0/COURSE_BOB.rgba32.png
omm/gfx/menu/sm74/0/COURSE_CCM.rgba32.png gfx/menu/sm74/0/COURSE_CCM.rgba32.png
omm/gfx/menu/sm74/0/COURSE_COTMC.rgba32.png gfx/menu/sm74/0/COURSE_COTMC.rgba32.png
omm/gfx/menu/sm74/0/COURSE_DDD.rgba32.png gfx/menu/sm74/0/COURSE_DDD.rgba32.png
omm/gfx/menu/sm74/0/COURSE_HMC.rgba32.png gfx/menu/sm74/0/COURSE_HMC.rgba32.png
omm/gfx/menu/sm74/0/COURSE_JRB.rgba32.png gfx/menu/sm74/0/COURSE_JRB.rgba32.png
omm/gfx/menu/sm74/0/COURSE_LLL.rgba32.png gfx/menu/sm74/0/COURSE_LLL.rgba32.png
omm/gfx/menu/sm74/0/COURSE_NONE.rgba32.png gfx/menu/sm74/0/COURSE_NONE.rgba32.png
omm/gfx/menu/sm74/0/COURSE_PSS.rgba32.png gfx/menu/sm74/0/COURSE_PSS.rgba32.png
omm/gfx/menu/sm74/0/COURSE_RR.rgba32.png gfx/menu/sm74/0/COURSE_RR.rgba32.png
omm/gfx/menu/sm74/0/COURSE_SA.rgba32.png gfx/menu/sm74/0/COURSE_SA.rgba32.png
omm/gfx/menu/sm74/0/COURSE_SL.rgba32.png gfx/menu/sm74/0/COURSE_SL.rgba32.png
omm/gfx/menu/sm74/0/COURSE_SSL.rgba32.png gfx/menu/sm74/0/COURSE_SSL.rgba32.png
omm/gfx/menu/sm74/0/COURSE_THI.rgba32.png gfx/menu/sm74/0/COURSE_THI.rgba32.png
omm/gfx/menu/sm74/0/COURSE_TOTWC.rgba32.png gfx/menu/sm74/0/COURSE_TOTWC.rgba32.png
omm/gfx/menu/sm74/0/COURSE_TTC.rgba32.png gfx/menu/sm74/0/COURSE_TTC.rgba32.png
omm/gfx/menu/sm74/0/COURSE_TTM.rgba32.png gfx/menu/sm74/0/COURSE_TTM.rgba32.png
omm/gfx/menu/sm74/0/COURSE_VCUTM.rgba32.png gfx/menu/sm74/0/COURSE_VCUTM.rgba32.png
omm/gfx/menu/sm74/0/COURSE_WDW.rgba32.png gfx/menu/sm74/0/COURSE_WDW.rgba32.png
omm/gfx/menu/sm74/0/COURSE_WF.rgba32.png gfx/menu/sm74/0/COURSE_WF.rgba32.png
omm/gfx/menu/sm74/0/COURSE_WMOTR.rgba32.png gfx/menu/sm74/0/COURSE_WMOTR.rgba32.png
omm/gfx/menu/sm74/1/COURSE_BBH.rgba32.png gfx/menu/sm74/1/COURSE_BBH.rgba32.png
omm/gfx/menu/sm74/1/COURSE_BITDW.rgba32.png gfx/menu/sm74/1/COURSE_BITDW.rgba32.png
omm/gfx/menu/sm74/1/COURSE_BITFS.rgba32.png gfx/menu/sm74/1/COURSE_BITFS.rgba32.png
omm/gfx/menu/sm74/1/COURSE_BITS.rgba32.png gfx/menu/sm74/1/COURSE_BITS.rgba32.png
omm/gfx/menu/sm74/1/COURSE_BOB.rgba32.png gfx/menu/sm74/1/COURSE_BOB.rgba32.png
omm/gfx/menu/sm74/1/COURSE_CCM.rgba32.png gfx/menu/sm74/1/COURSE_CCM.rgba32.png
omm/gfx/menu/sm74/1/COURSE_COTMC.rgba32.png gfx/menu/sm74/1/COURSE_COTMC.rgba32.png
omm/gfx/menu/sm74/1/COURSE_DDD.rgba32.png gfx/menu/sm74/1/COURSE_DDD.rgba32.png
omm/gfx/menu/sm74/1/COURSE_HMC.rgba32.png gfx/menu/sm74/1/COURSE_HMC.rgba32.png
omm/gfx/menu/sm74/1/COURSE_JRB.rgba32.png gfx/menu/sm74/1/COURSE_JRB.rgba32.png
omm/gfx/menu/sm74/1/COURSE_LLL.rgba32.png gfx/menu/sm74/1/COURSE_LLL.rgba32.png
omm/gfx/menu/sm74/1/COURSE_NONE.rgba32.png gfx/menu/sm74/1/COURSE_NONE.rgba32.png
omm/gfx/menu/sm74/1/COURSE_PSS.rgba32.png gfx/menu/sm74/1/COURSE_PSS.rgba32.png
omm/gfx/menu/sm74/1/COURSE_RR.rgba32.png gfx/menu/sm74/1/COURSE_RR.rgba32.png
omm/gfx/menu/sm74/1/COURSE_SA.rgba32.png gfx/menu/sm74/1/COURSE_SA.rgba32.png
omm/gfx/menu/sm74/1/COURSE_SL.rgba32.png gfx/menu/sm74/1/COURSE_SL.rgba32.png
omm/gfx/menu/sm74/1/COURSE_SSL.rgba32.png gfx/menu/sm74/1/COURSE_SSL.rgba32.png
omm/gfx/menu/sm74/1/COURSE_THI.rgba32.png gfx/menu/sm74/1/COURSE_THI.rgba32.png
omm/gfx/menu/sm74/1/COURSE_TOTWC.rgba32.png gfx/menu/sm74/1/COURSE_TOTWC.rgba32.png
omm/gfx/menu/sm74/1/COURSE_TTC.rgba32.png gfx/menu/sm74/1/COURSE_TTC.rgba32.png
omm/gfx/menu/sm74/1/COURSE_TTM.rgba32.png gfx/menu/sm74/1/COURSE_TTM.rgba32.png
omm/gfx/menu/sm74/1/COURSE_VCUTM.rgba32.png gfx/menu/sm74/1/COURSE_VCUTM.rgba32.png
omm/gfx/menu/sm74/1/COURSE_WDW.rgba32.png gfx/menu/sm74/1/COURSE_WDW.rgba32.png
omm/gfx/menu/sm74/1/COURSE_WF.rgba32.png gfx/menu/sm74/1/COURSE_WF.rgba32.png
omm/gfx/menu/sm74/1/COURSE_WMOTR.rgba32.png gfx/menu/sm74/1/COURSE_WMOTR.rgba32.png
omm/gfx/menu/sm74/logo.rgba32.png gfx/menu/sm74/logo.rgba32.png
omm/gfx/menu/sm74/room_0.rgba32.png gfx/menu/sm74/room_0.rgba32.png
omm/gfx/menu/sm74/room_1.rgba32.png gfx/menu/sm74/room_1.rgba32.png
omm/gfx/menu/sm74/room_2.rgba32.png gfx/menu/sm74/room_2.rgba32.png
omm/gfx/menu/smgs/0/COURSE_BBH.rgba32.png gfx/menu/smgs/0/COURSE_BBH.rgba32.png
omm/gfx/menu/smgs/0/COURSE_BITDW.rgba32.png gfx/menu/smgs/0/COURSE_BITDW.rgba32.png
omm/gfx/menu/smgs/0/COURSE_BITFS.rgba32.png gfx/menu/smgs/0/COURSE_BITFS.rgba32.png
omm/gfx/menu/smgs/0/COURSE_BITS.rgba32.png gfx/menu/smgs/0/COURSE_BITS.rgba32.png
omm/gfx/menu/smgs/0/COURSE_BOB.rgba32.png gfx/menu/smgs/0/COURSE_BOB.rgba32.png
omm/gfx/menu/smgs/0/COURSE_CCM.rgba32.png gfx/menu/smgs/0/COURSE_CCM.rgba32.png
omm/gfx/menu/smgs/0/COURSE_COTMC.rgba32.png gfx/menu/smgs/0/COURSE_COTMC.rgba32.png
omm/gfx/menu/smgs/0/COURSE_DDD.rgba32.png gfx/menu/smgs/0/COURSE_DDD.rgba32.png
omm/gfx/menu/smgs/0/COURSE_HMC.rgba32.png gfx/menu/smgs/0/COURSE_HMC.rgba32.png
omm/gfx/menu/smgs/0/COURSE_JRB.rgba32.png gfx/menu/smgs/0/COURSE_JRB.rgba32.png
omm/gfx/menu/smgs/0/COURSE_LLL.rgba32.png gfx/menu/smgs/0/COURSE_LLL.rgba32.png
omm/gfx/menu/smgs/0/COURSE_NONE.rgba32.png gfx/menu/smgs/0/COURSE_NONE.rgba32.png
omm/gfx/menu/smgs/0/COURSE_PSS.rgba32.png gfx/menu/smgs/0/COURSE_PSS.rgba32.png
omm/gfx/menu/smgs/0/COURSE_RR.rgba32.png gfx/menu/smgs/0/COURSE_RR.rgba32.png
omm/gfx/menu/smgs/0/COURSE_SA.rgba32.png gfx/menu/smgs/0/COURSE_SA.rgba32.png
omm/gfx/menu/smgs/0/COURSE_SL.rgba32.png gfx/menu/smgs/0/COURSE_SL.rgba32.png
omm/gfx/menu/smgs/0/COURSE_SSL.rgba32.png gfx/menu/smgs/0/COURSE_SSL.rgba32.png
omm/gfx/menu/smgs/0/COURSE_THI.rgba32.png gfx/menu/smgs/0/COURSE_THI.rgba32.png
omm/gfx/menu/smgs/0/COURSE_TOTWC.rgba32.png gfx/menu/smgs/0/COURSE_TOTWC.rgba32.png
omm/gfx/menu/smgs/0/COURSE_TTC.rgba32.png gfx/menu/smgs/0/COURSE_TTC.rgba32.png
omm/gfx/menu/smgs/0/COURSE_TTM.rgba32.png gfx/menu/smgs/0/COURSE_TTM.rgba32.png
omm/gfx/menu/smgs/0/COURSE_VCUTM.rgba32.png gfx/menu/smgs/0/COURSE_VCUTM.rgba32.png
omm/gfx/menu/smgs/0/COURSE_WDW.rgba32.png gfx/menu/smgs/0/COURSE_WDW.rgba32.png
omm/gfx/menu/smgs/0/COURSE_WF.rgba32.png gfx/menu/smgs/0/COURSE_WF.rgba32.png
omm/gfx/menu/smgs/0/COURSE_WMOTR.rgba32.png gfx/menu/smgs/0/COURSE_WMOTR.rgba32.png
omm/gfx/menu/smgs/logo.rgba32.png gfx/menu/smgs/logo.rgba32.png
omm/gfx/menu/smms/0/COURSE_BBH.rgba32.png gfx/menu/smms/0/COURSE_BBH.rgba32.png
omm/gfx/menu/smms/0/COURSE_BITFS.rgba32.png gfx/menu/smms/0/COURSE_BITFS.rgba32.png
omm/gfx/menu/smms/0/COURSE_BITS.rgba32.png gfx/menu/smms/0/COURSE_BITS.rgba32.png
omm/gfx/menu/smms/0/COURSE_BOB.rgba32.png gfx/menu/smms/0/COURSE_BOB.rgba32.png
omm/gfx/menu/smms/0/COURSE_CCM.rgba32.png gfx/menu/smms/0/COURSE_CCM.rgba32.png
omm/gfx/menu/smms/0/COURSE_HMC.rgba32.png gfx/menu/smms/0/COURSE_HMC.rgba32.png
omm/gfx/menu/smms/0/COURSE_LLL.rgba32.png gfx/menu/smms/0/COURSE_LLL.rgba32.png
omm/gfx/menu/smms/0/COURSE_NONE.rgba32.png gfx/menu/smms/0/COURSE_NONE.rgba32.png
omm/gfx/menu/smms/0/COURSE_PSS.rgba32.png gfx/menu/smms/0/COURSE_PSS.rgba32.png
omm/gfx/menu/smms/0/COURSE_SSL.rgba32.png gfx/menu/smms/0/COURSE_SSL.rgba32.png
omm/gfx/menu/smms/0/COURSE_WDW.rgba32.png gfx/menu/smms/0/COURSE_WDW.rgba32.png
omm/gfx/menu/smms/0/COURSE_WF.rgba32.png gfx/menu/smms/0/COURSE_WF.rgba32.png
omm/gfx/menu/smms/logo.rgba32.png gfx/menu/smms/logo.rgba32.png
omm/gfx/menu/smms/moon.rgba32.png gfx/menu/smms/moon.rgba32.png
omm/gfx/menu/smms/painting.rgba32.png gfx/menu/smms/painting.rgba32.png
omm/gfx/menu/smsr/0/COURSE_BBH.rgba32.png gfx/menu/smsr/0/COURSE_BBH.rgba32.png
omm/gfx/menu/smsr/0/COURSE_BITDW.rgba32.png gfx/menu/smsr/0/COURSE_BITDW.rgba32.png
omm/gfx/menu/smsr/0/COURSE_BITFS.rgba32.png gfx/menu/smsr/0/COURSE_BITFS.rgba32.png
omm/gfx/menu/smsr/0/COURSE_BITS.rgba32.png gfx/menu/smsr/0/COURSE_BITS.rgba32.png
omm/gfx/menu/smsr/0/COURSE_BOB.rgba32.png gfx/menu/smsr/0/COURSE_BOB.rgba32.png
omm/gfx/menu/smsr/0/COURSE_CCM.rgba32.png gfx/menu/smsr/0/COURSE_CCM.rgba32.png
omm/gfx/menu/smsr/0/COURSE_COTMC.rgba32.png gfx/menu/smsr/0/COURSE_COTMC.rgba32.png
omm/gfx/menu/smsr/0/COURSE_DDD.rgba32.png gfx/menu/smsr/0/COURSE_DDD.rgba32.png
omm/gfx/menu/smsr/0/COURSE_HMC.rgba32.png gfx/menu/smsr/0/COURSE_HMC.rgba32.png
omm/gfx/menu/smsr/0/COURSE_JRB.rgba32.png gfx/menu/smsr/0/COURSE_JRB.rgba32.png
omm/gfx/menu/smsr/0/COURSE_LLL.rgba32.png gfx/menu/smsr/0/COURSE_LLL.rgba32.png
omm/gfx/menu/smsr/0/COURSE_NONE.rgba32.png gfx/menu/smsr/0/COURSE_NONE.rgba32.png
omm/gfx/menu/smsr/0/COURSE_PSS.rgba32.png gfx/menu/smsr/0/COURSE_PSS.rgba32.png
omm/gfx/menu/smsr/0/COURSE_RR.rgba32.png gfx/menu/smsr/0/COURSE_RR.rgba32.png
omm/gfx/menu/smsr/0/COURSE_SA.rgba32.png gfx/menu/smsr/0/COURSE_SA.rgba32.png
omm/gfx/menu/smsr/0/COURSE_SL.rgba32.png gfx/menu/smsr/0/COURSE_SL.rgba32.png
omm/gfx/menu/smsr/0/COURSE_SSL.rgba32.png gfx/menu/smsr/0/COURSE_SSL.rgba32.png
omm/gfx/menu/smsr/0/COURSE_THI.rgba32.png gfx/menu/smsr/0/COURSE_THI.rgba32.png
omm/gfx/menu/smsr/0/COURSE_TOTWC.rgba32.png gfx/menu/smsr/0/COURSE_TOTWC.rgba32.png
omm/gfx/menu/smsr/0/COURSE_TTC.rgba32.png gfx/menu/smsr/0/COURSE_TTC.rgba32.png
omm/gfx/menu/smsr/0/COURSE_TTM.rgba32.png gfx/menu/smsr/0/COURSE_TTM.rgba32.png
omm/gfx/menu/smsr/0/COURSE_VCUTM.rgba32.png gfx/menu/smsr/0/COURSE_VCUTM.rgba32.png
omm/gfx/menu/smsr/0/COURSE_WDW.rgba32.png gfx/menu/smsr/0/COURSE_WDW.rgba32.png
omm/gfx/menu/smsr/0/COURSE_WF.rgba32.png gfx/menu/smsr/0/COURSE_WF.rgba32.png
omm/gfx/menu/smsr/0/COURSE_WMOTR.rgba32.png gfx/menu/smsr/0/COURSE_WMOTR.rgba32.png
omm/gfx/menu/smsr/logo.rgba32.png gfx/menu/smsr/logo.rgba32.png
omm/gfx/misc/omm_texture_misc_color_map.rgba32.png gfx/misc/omm_texture_misc_color_map.rgba32.png
omm/gfx/misc/omm_texture_misc_crash.rgba32.png gfx/misc/omm_texture_misc_crash.rgba32.png
omm/gfx/misc/omm_texture_misc_loading_screen_0.rgba32.png gfx/misc/omm_texture_misc_loading_screen_0.rgba32.png
omm/gfx/misc/omm_texture_misc_loading_screen_1.rgba32.png gfx/misc/omm_texture_misc_loading_screen_1.rgba32.png
omm/gfx/misc/omm_texture_misc_shadow_mario_body.rgba32.png gfx/misc/omm_texture_misc_shadow_mario_body.rgba32.png
omm/gfx/misc/omm_texture_misc_shadow_mario_brush.rgba32.png gfx/misc/omm_texture_misc_shadow_mario_brush.rgba32.png
omm/gfx/misc/omm_texture_misc_white.rgba32.png gfx/misc/omm_texture_misc_white.rgba32.png
omm/gfx/misc/omm_texture_misc_white_down_left.rgba32.png gfx/misc/omm_texture_misc_white_down_left.rgba32.png
omm/gfx/misc/omm_texture_misc_white_down_right.rgba32.png gfx/misc/omm_texture_misc_white_down_right.rgba32.png
omm/gfx/misc/omm_texture_misc_white_up_left.rgba32.png gfx/misc/omm_texture_misc_white_up_left.rgba32.png
omm/gfx/misc/omm_texture_misc_white_up_right.rgba32.png gfx/misc/omm_texture_misc_white_up_right.rgba32.png
omm/gfx/misc/omm_texture_misc_yoshi_bubble.rgba32.png gfx/misc/omm_texture_misc_yoshi_bubble.rgba32.png
omm/gfx/peach/omm_texture_peachy_0.rgba32.png gfx/peach/omm_texture_peachy_0.rgba32.png
omm/gfx/peach/omm_texture_peachy_1.rgba32.png gfx/peach/omm_texture_peachy_1.rgba32.png
omm/gfx/peach/omm_texture_peachy_2.rgba32.png gfx/peach/omm_texture_peachy_2.rgba32.png
omm/gfx/peach/omm_texture_peachy_3.rgba32.png gfx/peach/omm_texture_peachy_3.rgba32.png
omm/gfx/peach/omm_texture_peach_body.rgba32.png gfx/peach/omm_texture_peach_body.rgba32.png
omm/gfx/peach/omm_texture_peach_close.rgba32.png gfx/peach/omm_texture_peach_close.rgba32.png
omm/gfx/peach/omm_texture_peach_gloom.rgba32.png gfx/peach/omm_texture_peach_gloom.rgba32.png
omm/gfx/peach/omm_texture_peach_half.rgba32.png gfx/peach/omm_texture_peach_half.rgba32.png
omm/gfx/peach/omm_texture_peach_hurt.rgba32.png gfx/peach/omm_texture_peach_hurt.rgba32.png
omm/gfx/peach/omm_texture_peach_joy.rgba32.png gfx/peach/omm_texture_peach_joy.rgba32.png
omm/gfx/peach/omm_texture_peach_metal.rgba32.png gfx/peach/omm_texture_peach_metal.rgba32.png
omm/gfx/peach/omm_texture_peach_open.rgba32.png gfx/peach/omm_texture_peach_open.rgba32.png
omm/gfx/peach/omm_texture_peach_perry.rgba32.png gfx/peach/omm_texture_peach_perry.rgba32.png
omm/gfx/peach/omm_texture_peach_rage.rgba32.png gfx/peach/omm_texture_peach_rage.rgba32.png
omm/gfx/peach/omm_texture_peach_tiara.rgba32.png gfx/peach/omm_texture_peach_tiara.rgba32.png
omm/gfx/peach/omm_texture_peach_tiara_metal.rgba32.png gfx/peach/omm_texture_peach_tiara_metal.rgba32.png
omm/gfx/peach/omm_texture_peach_wings.rgba32.png gfx/peach/omm_texture_peach_wings.rgba32.png
omm/gfx/peach/omm_texture_peach_yeah.rgba32.png gfx/peach/omm_texture_peach_yeah.rgba32.png
omm/gfx/sparkly/omm_texture_sparkly_star_1_block_front.rgba32.png gfx/sparkly/omm_texture_sparkly_star_1_block_front.rgba32.png
omm/gfx/sparkly/omm_texture_sparkly_star_1_block_side.rgba32.png gfx/sparkly/omm_texture_sparkly_star_1_block_side.rgba32.png
omm/gfx/sparkly/omm_texture_sparkly_star_1_box_side.rgba32.png gfx/sparkly/omm_texture_sparkly_star_1_box_side.rgba32.png
omm/gfx/sparkly/omm_texture_sparkly_star_1_hint_back.rgba32.png gfx/sparkly/omm_texture_sparkly_star_1_hint_back.rgba32.png
omm/gfx/sparkly/omm_texture_sparkly_star_1_hint_front.rgba32.png gfx/sparkly/omm_texture_sparkly_star_1_hint_front.rgba32.png
omm/gfx/sparkly/omm_texture_sparkly_star_1_sparkle_1.rgba32.png gfx/sparkly/omm_texture_sparkly_star_1_sparkle_1.rgba32.png
omm/gfx/sparkly/omm_texture_sparkly_star_1_sparkle_2.rgba32.png gfx/sparkly/omm_texture_sparkly_star_1_sparkle_2.rgba32.png
omm/gfx/sparkly/omm_texture_sparkly_star_2_block_front.rgba32.png gfx/sparkly/omm_texture_sparkly_star_2_block_front.rgba32.png
omm/gfx/sparkly/omm_texture_sparkly_star_2_block_side.rgba32.png gfx/sparkly/omm_texture_sparkly_star_2_block_side.rgba32.png
omm/gfx/sparkly/omm_texture_sparkly_star_2_box_side.rgba32.png gfx/sparkly/omm_texture_sparkly_star_2_box_side.rgba32.png
omm/gfx/sparkly/omm_texture_sparkly_star_2_hint_back.rgba32.png gfx/sparkly/omm_texture_sparkly_star_2_hint_back.rgba32.png
omm/gfx/sparkly/omm_texture_sparkly_star_2_hint_front.rgba32.png gfx/sparkly/omm_texture_sparkly_star_2_hint_front.rgba32.png
omm/gfx/sparkly/omm_texture_sparkly_star_2_sparkle_1.rgba32.png gfx/sparkly/omm_texture_sparkly_star_2_sparkle_1.rgba32.png
omm/gfx/sparkly/omm_texture_sparkly_star_2_sparkle_2.rgba32.png gfx/sparkly/omm_texture_sparkly_star_2_sparkle_2.rgba32.png
omm/gfx/sparkly/omm_texture_sparkly_star_3_block_front.rgba32.png gfx/sparkly/omm_texture_sparkly_star_3_block_front.rgba32.png
omm/gfx/sparkly/omm_texture_sparkly_star_3_block_side.rgba32.png gfx/sparkly/omm_texture_sparkly_star_3_block_side.rgba32.png
omm/gfx/sparkly/omm_texture_sparkly_star_3_box_side.rgba32.png gfx/sparkly/omm_texture_sparkly_star_3_box_side.rgba32.png
omm/gfx/sparkly/omm_texture_sparkly_star_3_hint_back.rgba32.png gfx/sparkly/omm_texture_sparkly_star_3_hint_back.rgba32.png
omm/gfx/sparkly/omm_texture_sparkly_star_3_hint_front.rgba32.png gfx/sparkly/omm_texture_sparkly_star_3_hint_front.rgba32.png
omm/gfx/sparkly/omm_texture_sparkly_star_3_sparkle_1.rgba32.png gfx/sparkly/omm_texture_sparkly_star_3_sparkle_1.rgba32.png
omm/gfx/sparkly/omm_texture_sparkly_star_3_sparkle_2.rgba32.png gfx/sparkly/omm_texture_sparkly_star_3_sparkle_2.rgba32.png
omm/gfx/star/omm_texture_star_body_0.rgba32.png gfx/star/omm_texture_star_body_0.rgba32.png
omm/gfx/star/omm_texture_star_body_1.rgba32.png gfx/star/omm_texture_star_body_1.rgba32.png
omm/gfx/star/omm_texture_star_body_10.rgba32.png gfx/star/omm_texture_star_body_10.rgba32.png
omm/gfx/star/omm_texture_star_body_11.rgba32.png gfx/star/omm_texture_star_body_11.rgba32.png
omm/gfx/star/omm_texture_star_body_12.rgba32.png gfx/star/omm_texture_star_body_12.rgba32.png
omm/gfx/star/omm_texture_star_body_13.rgba32.png gfx/star/omm_texture_star_body_13.rgba32.png
omm/gfx/star/omm_texture_star_body_14.rgba32.png gfx/star/omm_texture_star_body_14.rgba32.png
omm/gfx/star/omm_texture_star_body_15.rgba32.png gfx/star/omm_texture_star_body_15.rgba32.png
omm/gfx/star/omm_texture_star_body_16.rgba32.png gfx/star/omm_texture_star_body_16.rgba32.png
omm/gfx/star/omm_texture_star_body_17.rgba32.png gfx/star/omm_texture_star_body_17.rgba32.png
omm/gfx/star/omm_texture_star_body_18.rgba32.png gfx/star/omm_texture_star_body_18.rgba32.png
omm/gfx/star/omm_texture_star_body_19.rgba32.png gfx/star/omm_texture_star_body_19.rgba32.png
omm/gfx/star/omm_texture_star_body_2.rgba32.png gfx/star/omm_texture_star_body_2.rgba32.png
omm/gfx/star/omm_texture_star_body_3.rgba32.png gfx/star/omm_texture_star_body_3.rgba32.png
omm/gfx/star/omm_texture_star_body_4.rgba32.png gfx/star/omm_texture_star_body_4.rgba32.png
omm/gfx/star/omm_texture_star_body_5.rgba32.png gfx/star/omm_texture_star_body_5.rgba32.png
omm/gfx/star/omm_texture_star_body_6.rgba32.png gfx/star/omm_texture_star_body_6.rgba32.png
omm/gfx/star/omm_texture_star_body_7.rgba32.png gfx/star/omm_texture_star_body_7.rgba32.png
omm/gfx/star/omm_texture_star_body_8.rgba32.png gfx/star/omm_texture_star_body_8.rgba32.png
omm/gfx/star/omm_texture_star_body_9.rgba32.png gfx/star/omm_texture_star_body_9.rgba32.png
omm/gfx/star/omm_texture_star_eye.rgba32.png gfx/star/omm_texture_star_eye.rgba32.png
omm/gfx/star/omm_texture_star_full_0.rgba32.png gfx/star/omm_texture_star_full_0.rgba32.png
omm/gfx/star/omm_texture_star_full_1.rgba32.png gfx/star/omm_texture_star_full_1.rgba32.png
omm/gfx/star/omm_texture_star_full_10.rgba32.png gfx/star/omm_texture_star_full_10.rgba32.png
omm/gfx/star/omm_texture_star_full_11.rgba32.png gfx/star/omm_texture_star_full_11.rgba32.png
omm/gfx/star/omm_texture_star_full_12.rgba32.png gfx/star/omm_texture_star_full_12.rgba32.png
omm/gfx/star/omm_texture_star_full_13.rgba32.png gfx/star/omm_texture_star_full_13.rgba32.png
omm/gfx/star/omm_texture_star_full_14.rgba32.png gfx/star/omm_texture_star_full_14.rgba32.png
omm/gfx/star/omm_texture_star_full_15.rgba32.png gfx/star/omm_texture_star_full_15.rgba32.png
omm/gfx/star/omm_texture_star_full_16.rgba32.png gfx/star/omm_texture_star_full_16.rgba32.png
omm/gfx/star/omm_texture_star_full_17.rgba32.png gfx/star/omm_texture_star_full_17.rgba32.png
omm/gfx/star/omm_texture_star_full_18.rgba32.png gfx/star/omm_texture_star_full_18.rgba32.png
omm/gfx/star/omm_texture_star_full_19.rgba32.png gfx/star/omm_texture_star_full_19.rgba32.png
omm/gfx/star/omm_texture_star_full_2.rgba32.png gfx/star/omm_texture_star_full_2.rgba32.png
omm/gfx/star/omm_texture_star_full_3.rgba32.png gfx/star/omm_texture_star_full_3.rgba32.png
omm/gfx/star/omm_texture_star_full_4.rgba32.png gfx/star/omm_texture_star_full_4.rgba32.png
omm/gfx/star/omm_texture_star_full_5.rgba32.png gfx/star/omm_texture_star_full_5.rgba32.png
omm/gfx/star/omm_texture_star_full_6.rgba32.png gfx/star/omm_texture_star_full_6.rgba32.png
omm/gfx/star/omm_texture_star_full_7.rgba32.png gfx/star/omm_texture_star_full_7.rgba32.png
omm/gfx/star/omm_texture_star_full_8.rgba32.png gfx/star/omm_texture_star_full_8.rgba32.png
omm/gfx/star/omm_texture_star_full_9.rgba32.png gfx/star/omm_texture_star_full_9.rgba32.png
omm/sound/effect/omm_sound_effect_damage.wav sound/effect/omm_sound_effect_damage.wav
omm/sound/effect/omm_sound_effect_freeze_1.wav sound/effect/omm_sound_effect_freeze_1.wav
omm/sound/effect/omm_sound_effect_freeze_2.wav sound/effect/omm_sound_effect_freeze_2.wav
omm/sound/effect/omm_sound_effect_heal.wav sound/effect/omm_sound_effect_heal.wav
omm/sound/effect/omm_sound_effect_midair_spin.wav sound/effect/omm_sound_effect_midair_spin.wav
omm/sound/effect/omm_sound_effect_peach_glide.wav sound/effect/omm_sound_effect_peach_glide.wav
omm/sound/effect/omm_sound_effect_peach_vibe.wav sound/effect/omm_sound_effect_peach_vibe.wav
omm/sound/effect/omm_sound_effect_perry_beam.wav sound/effect/omm_sound_effect_perry_beam.wav
omm/sound/effect/omm_sound_effect_perry_charge.wav sound/effect/omm_sound_effect_perry_charge.wav
omm/sound/effect/omm_sound_effect_perry_charged.wav sound/effect/omm_sound_effect_perry_charged.wav
omm/sound/effect/omm_sound_effect_propeller_1.wav sound/effect/omm_sound_effect_propeller_1.wav
omm/sound/effect/omm_sound_effect_propeller_2.wav sound/effect/omm_sound_effect_propeller_2.wav
omm/sound/effect/omm_sound_effect_propeller_3.wav sound/effect/omm_sound_effect_propeller_3.wav
omm/sound/effect/omm_sound_effect_sonic_charge.wav sound/effect/omm_sound_effect_sonic_charge.wav
omm/sound/effect/omm_sound_effect_sonic_jump_1.wav sound/effect/omm_sound_effect_sonic_jump_1.wav
omm/sound/effect/omm_sound_effect_sonic_jump_2.wav sound/effect/omm_sound_effect_sonic_jump_2.wav
omm/sound/effect/omm_sound_effect_sonic_release.wav sound/effect/omm_sound_effect_sonic_release.wav
omm/sound/effect/omm_sound_effect_sonic_spin.wav sound/effect/omm_sound_effect_sonic_spin.wav
omm/sound/effect/omm_sound_effect_yoshi_flutter.wav sound/effect/omm_sound_effect_yoshi_flutter.wav
omm/sound/effect/omm_sound_effect_yoshi_flutter_end.wav sound/effect/omm_sound_effect_yoshi_flutter_end.wav
omm/sound/effect/omm_sound_effect_yoshi_tongue.wav sound/effect/omm_sound_effect_yoshi_tongue.wav
omm/sound/event/omm_sound_event_capture.wav sound/event/omm_sound_event_capture.wav
omm/sound/event/omm_sound_event_death_1.wav sound/event/omm_sound_event_death_1.wav
omm/sound/event/omm_sound_event_death_2.wav sound/event/omm_sound_event_death_2.wav
omm/sound/event/omm_sound_event_death_3.wav sound/event/omm_sound_event_death_3.wav
omm/sound/event/omm_sound_event_death_luigi_1.wav sound/event/omm_sound_event_death_luigi_1.wav
omm/sound/event/omm_sound_event_death_luigi_2.wav sound/event/omm_sound_event_death_luigi_2.wav
omm/sound/event/omm_sound_event_death_luigi_3.wav sound/event/omm_sound_event_death_luigi_3.wav
omm/sound/event/omm_sound_event_death_mario_1.wav sound/event/omm_sound_event_death_mario_1.wav
omm/sound/event/omm_sound_event_death_mario_2.wav sound/event/omm_sound_event_death_mario_2.wav
omm/sound/event/omm_sound_event_death_mario_3.wav sound/event/omm_sound_event_death_mario_3.wav
omm/sound/event/omm_sound_event_death_peach_1.wav sound/event/omm_sound_event_death_peach_1.wav
omm/sound/event/omm_sound_event_death_peach_2.wav sound/event/omm_sound_event_death_peach_2.wav
omm/sound/event/omm_sound_event_death_peach_3.wav sound/event/omm_sound_event_death_peach_3.wav
omm/sound/event/omm_sound_event_death_wario_1.wav sound/event/omm_sound_event_death_wario_1.wav
omm/sound/event/omm_sound_event_death_wario_2.wav sound/event/omm_sound_event_death_wario_2.wav
omm/sound/event/omm_sound_event_death_wario_3.wav sound/event/omm_sound_event_death_wario_3.wav
omm/sound/event/omm_sound_event_life_up.wav sound/event/omm_sound_event_life_up.wav
omm/sound/event/omm_sound_event_secret.wav sound/event/omm_sound_event_secret.wav
omm/sound/event/omm_sound_event_sparkly_star_get.wav sound/event/omm_sound_event_sparkly_star_get.wav
omm/sound/event/omm_sound_event_uncapture.wav sound/event/omm_sound_event_uncapture.wav
omm/sound/peach/omm_sound_peach_attacked.wav sound/peach/omm_sound_peach_attacked.wav
omm/sound/peach/omm_sound_peach_bonk_doh.wav sound/peach/omm_sound_peach_bonk_doh.wav
omm/sound/peach/omm_sound_peach_bonk_ooof.wav sound/peach/omm_sound_peach_bonk_ooof.wav
omm/sound/peach/omm_sound_peach_coughing1.wav sound/peach/omm_sound_peach_coughing1.wav
omm/sound/peach/omm_sound_peach_coughing2.wav sound/peach/omm_sound_peach_coughing2.wav
omm/sound/peach/omm_sound_peach_coughing3.wav sound/peach/omm_sound_peach_coughing3.wav
omm/sound/peach/omm_sound_peach_dive_hoohoo.wav sound/peach/omm_sound_peach_dive_hoohoo.wav
omm/sound/peach/omm_sound_peach_drowning.wav sound/peach/omm_sound_peach_drowning.wav
omm/sound/peach/omm_sound_peach_dying.wav sound/peach/omm_sound_peach_dying.wav
omm/sound/peach/omm_sound_peach_falling_waaaooow.wav sound/peach/omm_sound_peach_falling_waaaooow.wav
omm/sound/peach/omm_sound_peach_grab_hrmm.wav sound/peach/omm_sound_peach_grab_hrmm.wav
omm/sound/peach/omm_sound_peach_ground_pound_wah.wav sound/peach/omm_sound_peach_ground_pound_wah.wav
omm/sound/peach/omm_sound_peach_here_we_go.wav sound/peach/omm_sound_peach_here_we_go.wav
omm/sound/peach/omm_sound_peach_jump_hoo.wav sound/peach/omm_sound_peach_jump_hoo.wav
omm/sound/peach/omm_sound_peach_jump_wah.wav sound/peach/omm_sound_peach_jump_wah.wav
omm/sound/peach/omm_sound_peach_jump_waha.wav sound/peach/omm_sound_peach_jump_waha.wav
omm/sound/peach/omm_sound_peach_jump_yah.wav sound/peach/omm_sound_peach_jump_yah.wav
omm/sound/peach/omm_sound_peach_jump_yahoo.wav sound/peach/omm_sound_peach_jump_yahoo.wav
omm/sound/peach/omm_sound_peach_jump_yippee.wav sound/peach/omm_sound_peach_jump_yippee.wav
omm/sound/peach/omm_sound_peach_land_haha.wav sound/peach/omm_sound_peach_land_haha.wav
omm/sound/peach/omm_sound_peach_ledge_climb_eeuh.wav sound/peach/omm_sound_peach_ledge_climb_eeuh.wav
omm/sound/peach/omm_sound_peach_ledge_climb_uh2.wav sound/peach/omm_sound_peach_ledge_climb_uh2.wav
omm/sound/peach/omm_sound_peach_ledge_grab_whoa.wav sound/peach/omm_sound_peach_ledge_grab_whoa.wav
omm/sound/peach/omm_sound_peach_ledge_miss_uh.wav sound/peach/omm_sound_peach_ledge_miss_uh.wav
omm/sound/peach/omm_sound_peach_lets_a_go.wav sound/peach/omm_sound_peach_lets_a_go.wav
omm/sound/peach/omm_sound_peach_mama_mia.wav sound/peach/omm_sound_peach_mama_mia.wav
omm/sound/peach/omm_sound_peach_on_fire.wav sound/peach/omm_sound_peach_on_fire.wav
omm/sound/peach/omm_sound_peach_panting1.wav sound/peach/omm_sound_peach_panting1.wav
omm/sound/peach/omm_sound_peach_panting2.wav sound/peach/omm_sound_peach_panting2.wav
omm/sound/peach/omm_sound_peach_panting3.wav sound/peach/omm_sound_peach_panting3.wav
omm/sound/peach/omm_sound_peach_punch_hoo.wav sound/peach/omm_sound_peach_punch_hoo.wav
omm/sound/peach/omm_sound_peach_punch_wah.wav sound/peach/omm_sound_peach_punch_wah.wav
omm/sound/peach/omm_sound_peach_punch_yah.wav sound/peach/omm_sound_peach_punch_yah.wav
omm/sound/peach/omm_sound_peach_so_longa_bowser.wav sound/peach/omm_sound_peach_so_longa_bowser.wav
omm/sound/peach/omm_sound_peach_throw_wah2.wav sound/peach/omm_sound_peach_throw_wah2.wav
omm/sound/peach/omm_sound_peach_twirl_bounce.wav sound/peach/omm_sound_peach_twirl_bounce.wav
omm/sound/peach/omm_sound_peach_vibe_calm.wav sound/peach/omm_sound_peach_vibe_calm.wav
omm/sound/peach/omm_sound_peach_vibe_gloom.wav sound/peach/omm_sound_peach_vibe_gloom.wav
omm/sound/peach/omm_sound_peach_vibe_joy.wav sound/peach/omm_sound_peach_vibe_joy.wav
omm/sound/peach/omm_sound_peach_vibe_rage.wav sound/peach/omm_sound_peach_vibe_rage.wav
omm/sound/peach/omm_sound_peach_yawning.wav sound/peach/omm_sound_peach_yawning.wav
omm/sound/toad/omm_sound_toad_1.wav sound/toad/omm_sound_toad_1.wav
omm/sound/toad/omm_sound_toad_2.wav sound/toad/omm_sound_toad_2.wav
omm/sound/toad/omm_sound_toad_3.wav sound/toad/omm_sound_toad_3.wav
omm/sound/toad/omm_sound_toad_4.wav sound/toad/omm_sound_toad_4.wav
omm/sound/toad/omm_sound_toad_5.wav sound/toad/omm_sound_toad_5.wav
omm/sound/toad/omm_sound_toad_6.wav sound/toad/omm_sound_toad_6.wav
omm/sound/toad/omm_sound_toad_7.wav sound/toad/omm_sound_toad_7.wav
omm/sound/toad/omm_sound_toad_8.wav sound/toad/omm_sound_toad_8.wav
omm/sound/toad/omm_sound_toad_9.wav sound/toad/omm_sound_toad_9.wav
